// Jest Snapshot v1, https://goo.gl/fbAQLP

exports[`DatePicker renders correctly 1`] = `
<div
  className="MuiFormControl-root-1 MuiFormControl-fullWidth-4"
>
  <label
    className="MuiFormLabel-root-16 MuiInputLabel-root-5 MuiInputLabel-formControl-10 MuiInputLabel-animated-13 MuiInputLabel-shrink-12 MuiInputLabel-outlined-15"
    data-shrink={true}
  >
    label
  </label>
  <div
    className="MuiInputBase-root-36 MuiOutlinedInput-root-23 MuiInputBase-fullWidth-45 MuiInputBase-formControl-37 MuiInputBase-adornedStart-40 MuiOutlinedInput-adornedStart-26"
    onClick={[Function]}
    shrink={1}
  >
    <fieldset
      aria-hidden={true}
      className="MuiPrivateNotchedOutline-root-53 MuiOutlinedInput-notchedOutline-30"
      style={
        Object {
          "paddingLeft": 8,
        }
      }
    >
      <legend
        className="MuiPrivateNotchedOutline-legend-54"
        style={
          Object {
            "width": 0,
          }
        }
      >
        <span
          dangerouslySetInnerHTML={
            Object {
              "__html": "&#8203;",
            }
          }
        />
      </legend>
    </fieldset>
    <div
      className="MuiInputAdornment-root-55 MuiInputAdornment-positionStart-57"
    >
      <svg
        aria-hidden="true"
        className="MuiSvgIcon-root-59"
        focusable="false"
        role="presentation"
        viewBox="0 0 24 24"
      >
        <path
          d="M20 3h-1V1h-2v2H7V1H5v2H4c-1.1 0-2 .9-2 2v16c0 1.1.9 2 2 2h16c1.1 0 2-.9 2-2V5c0-1.1-.9-2-2-2zm0 18H4V8h16v13z"
        />
        <path
          d="M0 0h24v24H0z"
          fill="none"
        />
      </svg>
    </div>
    <input
      aria-invalid={false}
      className="MuiInputBase-input-46 MuiOutlinedInput-input-31 MuiInputBase-inputType-49 MuiInputBase-inputAdornedStart-51 MuiOutlinedInput-inputAdornedStart-34"
      disabled={false}
      onBlur={[Function]}
      onChange={[Function]}
      onFocus={[Function]}
      required={false}
      type="date"
    />
  </div>
</div>
`;
