// Jest Snapshot v1, https://goo.gl/fbAQLP

exports[`LocationSelector renders correctly 1`] = `
<div
  className="MuiFormControl-root-2"
>
  <label
    className="MuiFormLabel-root-17 MuiInputLabel-root-6 MuiInputLabel-formControl-11 MuiInputLabel-animated-14 MuiInputLabel-outlined-16"
    data-shrink={false}
  >
    label
  </label>
  <div
    className="MuiInputBase-root-37 MuiOutlinedInput-root-24 MuiInputBase-formControl-38"
    onClick={[Function]}
  >
    <fieldset
      aria-hidden={true}
      className="MuiPrivateNotchedOutline-root-54 MuiOutlinedInput-notchedOutline-31"
      style={
        Object {
          "paddingLeft": 8,
        }
      }
    >
      <legend
        className="MuiPrivateNotchedOutline-legend-55"
        style={
          Object {
            "width": 0.01,
          }
        }
      >
        <span
          dangerouslySetInnerHTML={
            Object {
              "__html": "&#8203;",
            }
          }
        />
      </legend>
    </fieldset>
    <input
      aria-invalid={false}
      className="MuiInputBase-input-47 MuiOutlinedInput-input-32 MuiInputBase-inputType-50"
      disabled={false}
      onBlur={[Function]}
      onChange={[Function]}
      onFocus={[Function]}
      required={false}
      type="number"
    />
  </div>
</div>
`;
