// Jest Snapshot v1, https://goo.gl/fbAQLP

exports[`LocationSelector renders correctly 1`] = `
<div
  className="MuiPaper-root-8 MuiPaper-elevation1-11 MuiPaper-rounded-9 MuiCard-root-7 UnStyledProposedTrip-proposedTrip-1"
>
  <div
    className="MuiCardContent-root-35"
  >
    <div
      className="MuiCardMedia-root-36 UnStyledProposedTrip-media-2"
      style={
        Object {
          "backgroundImage": "url(\\"https://via.placeholder.com/150\\")",
        }
      }
      title="Paella dish"
    />
    <div
      className="UnStyledProposedTrip-tripInformations-3"
    >
      <div
        className="UnStyledProposedTrip-timeInformations-4"
      >
        <p
          className="MuiTypography-root-38 MuiTypography-body1-47"
        >
          10:26 AM
        </p>
        -&gt;
        <p
          className="MuiTypography-root-38 MuiTypography-body1-47"
        >
          10:26 AM
        </p>
      </div>
      <div>
        <h6
          className="MuiTypography-root-38 MuiTypography-subtitle1-56"
        >
          $960.00
        </h6>
        <p
          className="MuiTypography-root-38 MuiTypography-body1-47 MuiTypography-colorTextSecondary-71 UnStyledProposedTrip-travellerCount-5"
        >
          For 18 traveller(s)
        </p>
      </div>
    </div>
    <div
      className="UnStyledProposedTrip-tripComplementatryInformations-6"
    >
      <p
        className="MuiTypography-root-38 MuiTypography-body1-47"
      >
        <span>
          From: 
        </span>
        in the middle of nowhere, Center Park, Iowa
      </p>
    </div>
  </div>
</div>
`;
