// Jest Snapshot v1, https://goo.gl/fbAQLP

exports[`Header component should render without throwing an error 1`] = `
<DocumentFragment>
  <section
    class="sc-bwzfXH sc-bZQynM dCVnaF"
  >
    <div
      class="sc-htpNat sc-gzVnrw efxpzR"
    >
      <h1
        class="sc-htoDjs kVyOqj"
        data-testid="header-title"
      >
        Book a ride
      </h1>
      <div
        class="sc-dnqmqq kLCRhk"
      >
        <a
          class="sc-iwsKbI jiLVkl"
          data-testid="header-english"
          role="button"
          title="Switch to English"
        >
          English
        </a>
        <a
          class="sc-iwsKbI jiLVkl"
          data-testid="header-french"
          role="button"
          title="Switch to English"
        >
          French
        </a>
      </div>
    </div>
  </section>
</DocumentFragment>
`;
