// Jest Snapshot v1, https://goo.gl/fbAQLP

exports[`<App /> should render and match the snapshot 1`] = `
<ForwardRef>
  <HelmetWrapper
    defaultTitle="Busbud's bus departures"
    defer={true}
    encodeSpecialCharacters={true}
    titleTemplate="%s - Busbud's bus departures"
  >
    <meta
      content="A simple application that lists all departures for a given origin city and a given destination city for a given day"
      name="description"
    />
  </HelmetWrapper>
  <Header />
  <Switch>
    <Route
      component={[Function]}
      exact={true}
      path="/"
    />
    <Route
      component={[Function]}
      path=""
    />
  </Switch>
  <Footer />
  <GlobalStyleComponent />
</ForwardRef>
`;
