// Jest Snapshot v1, https://goo.gl/fbAQLP

exports[`TravelerCountSelector renders correctly 1`] = `
<div
  className="MuiFormControl-root-2 MuiFormControl-fullWidth-5"
>
  <div
    className="MuiInputBase-root-19 MuiOutlinedInput-root-6 MuiInputBase-error-25 MuiOutlinedInput-error-11 MuiInputBase-fullWidth-28 MuiInputBase-formControl-20 MuiInputBase-adornedStart-23 MuiOutlinedInput-adornedStart-9 MuiInputBase-adornedEnd-24 MuiOutlinedInput-adornedEnd-10 UnstyledTravellerCountSelector-input-1"
    onClick={[Function]}
    shrink={1}
  >
    <fieldset
      aria-hidden={true}
      className="MuiPrivateNotchedOutline-root-36 MuiOutlinedInput-notchedOutline-13"
      style={
        Object {
          "paddingLeft": 8,
        }
      }
    >
      <legend
        className="MuiPrivateNotchedOutline-legend-37"
        style={
          Object {
            "width": 0,
          }
        }
      >
        <span
          dangerouslySetInnerHTML={
            Object {
              "__html": "&#8203;",
            }
          }
        />
      </legend>
    </fieldset>
    <div
      className="MuiInputAdornment-root-38 MuiInputAdornment-positionEnd-41"
    >
      <button
        aria-label="Increase traveller Count"
        className="MuiButtonBase-root-48 MuiIconButton-root-42"
        disabled={false}
        onBlur={[Function]}
        onClick={[Function]}
        onContextMenu={[Function]}
        onFocus={[Function]}
        onKeyDown={[Function]}
        onKeyUp={[Function]}
        onMouseDown={[Function]}
        onMouseLeave={[Function]}
        onMouseUp={[Function]}
        onTouchEnd={[Function]}
        onTouchMove={[Function]}
        onTouchStart={[Function]}
        tabIndex="0"
        type="button"
      >
        <span
          className="MuiIconButton-label-47"
        >
          <svg
            aria-hidden="true"
            className="MuiSvgIcon-root-51"
            focusable="false"
            role="presentation"
            viewBox="0 0 24 24"
          >
            <path
              d="M19 13h-6v6h-2v-6H5v-2h6V5h2v6h6v2z"
            />
            <path
              d="M0 0h24v24H0z"
              fill="none"
            />
          </svg>
        </span>
        <span
          className="MuiTouchRipple-root-60"
        />
      </button>
    </div>
    <input
      aria-invalid={true}
      className="MuiInputBase-input-29 MuiOutlinedInput-input-14 MuiInputBase-inputType-32 MuiInputBase-inputAdornedStart-34 MuiOutlinedInput-inputAdornedStart-17 MuiInputBase-inputAdornedEnd-35 MuiOutlinedInput-inputAdornedEnd-18"
      disabled={false}
      onBlur={[Function]}
      onChange={[Function]}
      onFocus={[Function]}
      required={false}
      type="number"
      value={0}
    />
    <div
      className="MuiInputAdornment-root-38 MuiInputAdornment-positionEnd-41"
    >
      <button
        aria-label="deacrese traveller Count"
        className="MuiButtonBase-root-48 MuiIconButton-root-42"
        disabled={false}
        onBlur={[Function]}
        onClick={[Function]}
        onContextMenu={[Function]}
        onFocus={[Function]}
        onKeyDown={[Function]}
        onKeyUp={[Function]}
        onMouseDown={[Function]}
        onMouseLeave={[Function]}
        onMouseUp={[Function]}
        onTouchEnd={[Function]}
        onTouchMove={[Function]}
        onTouchStart={[Function]}
        tabIndex="0"
        type="button"
      >
        <span
          className="MuiIconButton-label-47"
        >
          <svg
            aria-hidden="true"
            className="MuiSvgIcon-root-51"
            focusable="false"
            role="presentation"
            viewBox="0 0 24 24"
          >
            <path
              d="M19 13H5v-2h14v2z"
            />
            <path
              d="M0 0h24v24H0z"
              fill="none"
            />
          </svg>
        </span>
        <span
          className="MuiTouchRipple-root-60"
        />
      </button>
    </div>
  </div>
</div>
`;
